[separateweb.com/niwax-template/web-design-agency.html]
[backblue.gif]
[fade.gif]
[index.html]
[separateweb.com/niwax-template/images/favicon.png]
[separateweb.com/niwax-template/css/bootstrap.min.css]
[separateweb.com/niwax-template/css/plugin.min.css]
[cdnjs.cloudflare.com/ajax/libs/font-awesome/5.11.2/css/all.min.css]
[separateweb.com/niwax-template/css/style.css]
[separateweb.com/niwax-template/css/responsive.css]
[separateweb.com/niwax-template/css/darkmode.css]
[separateweb.com/niwax-template/images/logo.png]
[separateweb.com/niwax-template/images/white-logo.png]
[separateweb.com/niwax-template/index-2.html]
[separateweb.com/niwax-template/index.html]
[separateweb.com/niwax-template/digital-agency.html]
[separateweb.com/niwax-template/digital-agency-v2.html]
[separateweb.com/niwax-template/digital-agency-glassmorphism.html]
[separateweb.com/niwax-template/digital-marketing.html]
[separateweb.com/niwax-template/lead-generation.html]
[separateweb.com/niwax-template/landing-page-1.html]
[separateweb.com/niwax-template/landing-page-2.html]
[separateweb.com/niwax-template/freelance-portfolio.html]
[separateweb.com/niwax-template/app-development.html]
[separateweb.com/niwax-template/minimal-portfolio.html]
[separateweb.com/niwax-template/creative-agency.html]
[separateweb.com/niwax-template/branding-agency.html]
[separateweb.com/niwax-template/modern-agency.html]
[separateweb.com/niwax-template/business-and-startup.html]
[separateweb.com/niwax-template/graphic-studio.html]
[separateweb.com/niwax-template/digital-agency-onepage.html]
[separateweb.com/niwax-template/digital-agency-dark-onepage.html]
[separateweb.com/niwax-template/web-design-agency-onepage.html]
[separateweb.com/niwax-template/web-design-agency-dark-onepage.html]
[separateweb.com/niwax-template/digital-marketing-onepage.html]
[separateweb.com/niwax-template/digital-marketing-dark-onepage.html]
[separateweb.com/niwax-template/lead-generation-onepage.html]
[separateweb.com/niwax-template/lead-generation-dark-onepage.html]
[separateweb.com/niwax-template/freelance-portfolio-onepage.html]
[separateweb.com/niwax-template/freelancer-v2-onepage.html]
[separateweb.com/niwax-template/app-development-onepage.html]
[separateweb.com/niwax-template/minimal-portfolio-onepage.html]
[separateweb.com/niwax-template/creative-agency-onepage.html]
[separateweb.com/niwax-template/branding-agency-onepage.html]
[separateweb.com/niwax-template/modern-agency-onepage.html]
[separateweb.com/niwax-template/business-and-startup-onepage.html]
[separateweb.com/niwax-template/graphic-studio-onepage.html]
[separateweb.com/niwax-template/about.html]
[separateweb.com/niwax-template/about-2.html]
[separateweb.com/niwax-template/why-us.html]
[separateweb.com/niwax-template/team.html]
[separateweb.com/niwax-template/team-details.html]
[separateweb.com/niwax-template/case-study.html]
[separateweb.com/niwax-template/case-study-details.html]
[separateweb.com/niwax-template/mission-vision.html]
[separateweb.com/niwax-template/development-process.html]
[separateweb.com/niwax-template/client-reviews.html]
[separateweb.com/niwax-template/clients.html]
[separateweb.com/niwax-template/get-quote.html]
[separateweb.com/niwax-template/get-quote-2.html]
[separateweb.com/niwax-template/get-quote-3.html]
[separateweb.com/niwax-template/login.html]
[separateweb.com/niwax-template/service-card.html]
[separateweb.com/niwax-template/service-web.html]
[separateweb.com/niwax-template/service-app.html]
[separateweb.com/niwax-template/service-marketing.html]
[separateweb.com/niwax-template/service-graphic.html]
[separateweb.com/niwax-template/career.html]
[separateweb.com/niwax-template/shop-page.html]
[separateweb.com/niwax-template/shop-details.html]
[separateweb.com/niwax-template/shop-cart.html]
[separateweb.com/niwax-template/pricing.html]
[separateweb.com/niwax-template/typography.html]
[separateweb.com/niwax-template/button.html]
[separateweb.com/niwax-template/locations.html]
[separateweb.com/niwax-template/faq.html]
[separateweb.com/niwax-template/tabs.html]
[separateweb.com/niwax-template/error.html]
[separateweb.com/niwax-template/gradients.html]
[separateweb.com/niwax-template/header-v1.html]
[separateweb.com/niwax-template/header-v2.html]
[separateweb.com/niwax-template/header-v3.html]
[separateweb.com/niwax-template/header-v4.html]
[separateweb.com/niwax-template/footer-design.html]
[separateweb.com/niwax-template/hover-animation.html]
[separateweb.com/niwax-template/popup-modal.html]
[separateweb.com/niwax-template/lists.html]
[separateweb.com/niwax-template/bootstrap-components.html]
[separateweb.com/niwax-template/portfolio.html]
[separateweb.com/niwax-template/portfolio-2.html]
[separateweb.com/niwax-template/portfolio-block.html]
[separateweb.com/niwax-template/portfolio-block-2.html]
[separateweb.com/niwax-template/portfolio-details.html]
[separateweb.com/niwax-template/blog-grid-1.html]
[separateweb.com/niwax-template/blog-grid-2.html]
[separateweb.com/niwax-template/blog-right-sidebar.html]
[separateweb.com/niwax-template/blog-left-sidebar.html]
[separateweb.com/niwax-template/blog-single.html]
[separateweb.com/niwax-template/freelance-portfolio-dark-onepage.html]
[separateweb.com/niwax-template/images/icons/call.svg]
[separateweb.com/niwax-template/images/icons/whatsapp.svg]
[separateweb.com/niwax-template/images/icons/mail.svg]
[separateweb.com/niwax-template/images/icons/map.svg]
[separateweb.com/niwax-template/images/hero/hero-image.png]
[separateweb.com/niwax-template/images/about/about-image.png]
[separateweb.com/niwax-template/images/user-thumb/girl2.jpg]
[separateweb.com/niwax-template/images/icons/branding.svg]
[separateweb.com/niwax-template/images/icons/development.svg]
[separateweb.com/niwax-template/images/icons/app.svg]
[separateweb.com/niwax-template/images/icons/marketing.svg]
[separateweb.com/niwax-template/images/icons/startup.svg]
[separateweb.com/niwax-template/images/icons/team.svg]
[separateweb.com/niwax-template/images/icons/deal.svg]
[separateweb.com/niwax-template/images/icons/computers.svg]
[separateweb.com/niwax-template/images/icons/worker.svg]
[separateweb.com/niwax-template/images/icons/customer-service.svg]
[separateweb.com/niwax-template/images/portfolio/image-d.jpg]
[separateweb.com/niwax-template/images/portfolio/image-1.jpg]
[separateweb.com/niwax-template/images/portfolio/image-6.jpg]
[separateweb.com/niwax-template/images/portfolio/image-c.jpg]
[separateweb.com/niwax-template/images/client/clients-1.png]
[separateweb.com/niwax-template/images/client/clients-2.png]
[separateweb.com/niwax-template/images/client/clients-3.png]
[separateweb.com/niwax-template/images/client/clients-4.png]
[separateweb.com/niwax-template/images/client/clients-5.png]
[separateweb.com/niwax-template/images/icons/icon-1.png]
[separateweb.com/niwax-template/images/icons/icon-2.png]
[separateweb.com/niwax-template/images/icons/icon-3.png]
[separateweb.com/niwax-template/images/icons/icon-4.png]
[separateweb.com/niwax-template/images/icons/icon-5.png]
[separateweb.com/niwax-template/images/icons/icon-6.png]
[separateweb.com/niwax-template/images/icons/icon-7.png]
[separateweb.com/niwax-template/images/icons/icon-8.png]
[separateweb.com/niwax-template/images/icons/icon-9.png]
[separateweb.com/niwax-template/images/icons/icon-10.png]
[separateweb.com/niwax-template/images/icons/icon-11.png]
[separateweb.com/niwax-template/images/icons/icon-12.png]
[separateweb.com/niwax-template/images/user-thumb/girl.jpg]
[separateweb.com/niwax-template/images/about/hellopic.png]
[separateweb.com/niwax-template/images/location/newyork.png]
[separateweb.com/niwax-template/images/location/sydeny.png]
[separateweb.com/niwax-template/images/location/rome.png]
[separateweb.com/niwax-template/images/blog/blog-small.jpg]
[separateweb.com/niwax-template/images/about/badges-a.png]
[separateweb.com/niwax-template/images/about/badges-b.png]
[separateweb.com/niwax-template/images/about/badges-c.png]
[separateweb.com/niwax-template/images/about/badges-d.png]
[separateweb.com/cdn-cgi/scripts/5c5dd728/cloudflare-static/email-decode.min.js]
[separateweb.com/niwax-template/js/vendor/modernizr-3.5.0.min.js]
[separateweb.com/niwax-template/js/jquery.min.js]
[separateweb.com/niwax-template/js/bootstrap.bundle.min.js]
[separateweb.com/niwax-template/js/plugin.min.js]
[separateweb.com/niwax-template/js/preloader.js]
[separateweb.com/niwax-template/js/dark-mode.js]
[separateweb.com/niwax-template/web-design-agency.html]
[separateweb.com/niwax-template/css/bootstrap.min.css]
[separateweb.com/niwax-template/js/main.js]
[separateweb.com/niwax-template/css/plugin.min.css]
[cdnjs.cloudflare.com/ajax/libs/font-awesome/5.11.2/css/all.min.css]
[separateweb.com/niwax-template/images/shape/shape-12.svg]
[separateweb.com/niwax-template/images/hero/banner-shap-2.png]
[separateweb.com/niwax-template/images/shape/dot_bg.png]
[separateweb.com/niwax-template/images/shape/shape-1.svg]
[separateweb.com/niwax-template/images/shape/shape-2.svg]
[separateweb.com/niwax-template/images/shape/dot-shape.png]
[separateweb.com/niwax-template/images/shape/shape-7.svg]
[separateweb.com/niwax-template/images/service/service-img-1.png]
[separateweb.com/niwax-template/images/service/service-img-2.png]
[separateweb.com/niwax-template/images/service/service-img-3.png]
[separateweb.com/niwax-template/images/service/service-img-4.png]
[separateweb.com/niwax-template/images/shape/dot-pattern.png]
[separateweb.com/niwax-template/images/shape/shape-9.svg]
[separateweb.com/niwax-template/images/icons/up-arrow.svg]
[separateweb.com/niwax-template/images/shape/shape-1.png]
[separateweb.com/niwax-template/images/shape/shape-2.png]
[separateweb.com/niwax-template/images/banner/banner-shap-2.png]
[separateweb.com/niwax-template/images/banner/2.jpg]
[separateweb.com/niwax-template/images/banner/5.jpg]
[separateweb.com/niwax-template/images/banner/6.jpg]
[separateweb.com/niwax-template/images/banner/7.jpg]
[separateweb.com/niwax-template/images/banner/4.jpg]
[separateweb.com/niwax-template/images/icons/404.svg]
[separateweb.com/niwax-template/images/shape/hero-shape.svg]
[separateweb.com/niwax-template/images/hero/bg-gradient.jpg]
[separateweb.com/niwax-template/images/shape/bg-light2.png]
[separateweb.com/niwax-template/images/shape/wave-bg.png]
[separateweb.com/niwax-template/images/hero/wave-hero.svg]
[separateweb.com/niwax-template/images/shape/bg-rectangles-.png]
[separateweb.com/niwax-template/images/icons/sun.svg]
[separateweb.com/niwax-template/images/icons/moon.svg]
[separateweb.com/niwax-template/images/shape/bg-glass.jpg]
[separateweb.com/niwax-template/images/shape/tt-work-bg.jpg]
[separateweb.com/niwax-template/images/shape/shape-f.png]
[separateweb.com/niwax-template/images/shape/stars.svg]
[separateweb.com/niwax-template/images/shape/bg-gradient.jpg]
[separateweb.com/niwax-template/css/style.css]
[separateweb.com/niwax-template/images/hero/freelancer.png]
[separateweb.com/niwax-template/css/responsive.css]
[separateweb.com/niwax-template/css/darkmode.css]
[separateweb.com/niwax-template/images/hero/wave-hero-dark.svg]
[separateweb.com/niwax-template/css/demo-css.css]
[separateweb.com/niwax-template/img/logo.png]
[separateweb.com/niwax-template/images/icons/envato.svg]
[separateweb.com/niwax-template/img/screen-1.jpg]
[separateweb.com/niwax-template/img/screen-2.jpg]
[separateweb.com/niwax-template/img/screen-3.jpg]
[separateweb.com/niwax-template/img/screen-4.jpg]
[separateweb.com/niwax-template/img/screen-5.jpg]
[separateweb.com/niwax-template/img/screen-6.jpg]
[separateweb.com/niwax-template/img/digital-agency.jpg]
[separateweb.com/niwax-template/img/web-design.jpg]
[separateweb.com/niwax-template/img/app-development.jpg]
[separateweb.com/niwax-template/img/digital-marketing.jpg]
[separateweb.com/niwax-template/img/lead-generation.jpg]
[separateweb.com/niwax-template/img/freelance.jpg]
[separateweb.com/niwax-template/img/minimal-portfolio.jpg]
[separateweb.com/niwax-template/img/creative-agency.jpg]
[separateweb.com/niwax-template/img/branding-agency.jpg]
[separateweb.com/niwax-template/img/modern-agency.jpg]
[separateweb.com/niwax-template/img/business-and-startup.jpg]
[separateweb.com/niwax-template/img/graphic-studio.jpg]
[separateweb.com/niwax-template/img/landing-page-2.jpg]
[separateweb.com/niwax-template/img/landing-page-1.jpg]
[separateweb.com/niwax-template/img/freelance-v2.jpg]
[separateweb.com/niwax-template/img/digital-agency-v3.jpg]
[separateweb.com/niwax-template/img/digital-agency-v2.jpg]
[separateweb.com/niwax-template/shop-page-2.html]
[separateweb.com/niwax-template/gdprcookies-banner-v1.html]
[separateweb.com/niwax-template/gdprcookies-banner-v2.html]
[separateweb.com/niwax-template/mouse-cursor.html]
[separateweb.com/niwax-template/mouse-cursor-v2.html]
[separateweb.com/niwax-template/slider.html]
[separateweb.com/niwax-template/terms-and-conditions.html]
[separateweb.com/niwax-template/privacy-policy.html]
[separateweb.com/niwax-template/contact-from.html]
[separateweb.com/niwax-template/img/bootstrap.png]
[separateweb.com/niwax-template/img/html-code.png]
[separateweb.com/niwax-template/img/components.png]
[separateweb.com/niwax-template/img/mobile.png]
[separateweb.com/niwax-template/img/touch-screen.png]
[separateweb.com/niwax-template/img/google-fonts.png]
[separateweb.com/niwax-template/img/vector.png]
[separateweb.com/niwax-template/img/html.png]
[separateweb.com/niwax-template/img/docs.png]
[separateweb.com/niwax-template/img/conversion-rate.svg]
[separateweb.com/niwax-template/img/ab-testing.svg]
[separateweb.com/niwax-template/img/branding.svg]
[separateweb.com/niwax-template/img/color-palette.svg]
[separateweb.com/niwax-template/img/web-design.svg]
[separateweb.com/niwax-template/img/code.svg]
[separateweb.com/niwax-template/img/columns.svg]
[separateweb.com/niwax-template/index.html]
[separateweb.com/niwax-template/index-2.html]
[separateweb.com/niwax-template/img/contact.svg]
[separateweb.com/niwax-template/images/hero/awards-logo.png]
[separateweb.com/niwax-template/images/service/vr.png]
[separateweb.com/niwax-template/images/service/app-develop.png]
[separateweb.com/niwax-template/images/service/startup.png]
[separateweb.com/niwax-template/images/service/car-rental.png]
[separateweb.com/niwax-template/images/service/marketing.png]
[separateweb.com/niwax-template/images/service/ewallet.png]
[separateweb.com/niwax-template/images/icons/ecommerce.svg]
[separateweb.com/niwax-template/images/icons/tech.svg]
[separateweb.com/niwax-template/images/icons/seo.svg]
[separateweb.com/niwax-template/images/about/about-company.jpg]
[separateweb.com/niwax-template/images/client/clients-6.png]
[separateweb.com/niwax-template/images/client/clients-7.png]
[separateweb.com/niwax-template/images/client/clients-8.png]
[separateweb.com/niwax-template/images/client/clients-9.png]
[separateweb.com/niwax-template/images/client/clients-10.png]
[separateweb.com/niwax-template/images/client/clients-11.png]
[separateweb.com/niwax-template/images/client/clients-12.png]
[separateweb.com/niwax-template/images/client/clients-13.png]
[separateweb.com/niwax-template/images/client/clients-14.png]
[separateweb.com/niwax-template/images/client/client-pic.jpg]
[separateweb.com/niwax-template/images/client/client-pic-a.jpg]
[separateweb.com/niwax-template/images/about/reviews-icon-1.png]
[separateweb.com/niwax-template/images/about/reviews-icon-2.png]
[separateweb.com/niwax-template/images/about/reviews-icon-3.png]
[separateweb.com/niwax-template/images/shape/shape-3.svg]
[separateweb.com/niwax-template/images/shape/shape-4.svg]
[separateweb.com/niwax-template/images/shape/shape-13.svg]
[separateweb.com/niwax-template/images/shape/shape-11.svg]
[separateweb.com/niwax-template/images/service/mockup-app.jpg]
[separateweb.com/niwax-template/digital-agency.html]
[separateweb.com/niwax-template/js/progress-bar.js]
[separateweb.com/niwax-template/css/swiper.min.css]
[separateweb.com/niwax-template/css/gdpr-cookie.css]
[separateweb.com/niwax-template/images/hero/slider-1.jpg]
[separateweb.com/niwax-template/images/hero/slider-2.jpg]
[separateweb.com/niwax-template/images/icons/mobile.svg]
[separateweb.com/niwax-template/images/icons/world.svg]
[separateweb.com/niwax-template/images/client/customer-logo-5.png]
[separateweb.com/niwax-template/images/portfolio/portfolio-wide-1.jpg]
[separateweb.com/niwax-template/images/portfolio/portfolio-wide-1a.jpg]
[separateweb.com/niwax-template/images/client/customer-logo-3.png]
[separateweb.com/niwax-template/images/portfolio/portfolio-wide-2.jpg]
[separateweb.com/niwax-template/images/portfolio/portfolio-wide-2a.jpg]
[separateweb.com/niwax-template/images/client/customer-logo-7.png]
[separateweb.com/niwax-template/images/portfolio/portfolio-wide-3.jpg]
[separateweb.com/niwax-template/images/portfolio/portfolio-wide-3a.jpg]
[separateweb.com/niwax-template/images/portfolio/portfolio-wide-4.jpg]
[separateweb.com/niwax-template/images/portfolio/portfolio-wide-4a.jpg]
[separateweb.com/niwax-template/images/icons/house.svg]
[separateweb.com/niwax-template/images/icons/travel-case.svg]
[separateweb.com/niwax-template/images/icons/video-tutorials.svg]
[separateweb.com/niwax-template/images/icons/taxi.svg]
[separateweb.com/niwax-template/images/icons/event.svg]
[separateweb.com/niwax-template/images/icons/smartphone.svg]
[separateweb.com/niwax-template/images/icons/joystick.svg]
[separateweb.com/niwax-template/images/icons/healthcare.svg]
[separateweb.com/niwax-template/images/icons/money-growth.svg]
[separateweb.com/niwax-template/images/icons/baker.svg]
[separateweb.com/niwax-template/images/icons/mobile-app.svg]
[separateweb.com/niwax-template/images/icons/groceries.svg]
[separateweb.com/niwax-template/images/icons/plan-1.svg]
[separateweb.com/niwax-template/images/icons/plan-2.svg]
[separateweb.com/niwax-template/images/icons/plan-3.svg]
[separateweb.com/niwax-template/images/user-thumb/user1.jpg]
[separateweb.com/niwax-template/images/user-thumb/user2.jpg]
[separateweb.com/niwax-template/images/user-thumb/user3.jpg]
[separateweb.com/niwax-template/images/user-thumb/user4.jpg]
[separateweb.com/niwax-template/images/user-thumb/user5.jpg]
[separateweb.com/niwax-template/images/blog/blog-dg-1.jpg]
[separateweb.com/niwax-template/images/blog/blog-dg-2.jpg]
[separateweb.com/niwax-template/images/blog/blog-dg-3.jpg]
[separateweb.com/niwax-template/js/swiper.min.js]
[separateweb.com/niwax-template/js/tweenmax.min.js]
[separateweb.com/niwax-template/digital-agency-v2.html]
[separateweb.com/niwax-template/js/gdprcookies.js]
[separateweb.com/niwax-template/images/shape/shape-a.png]
[separateweb.com/niwax-template/images/shape/shape-b.png]
[separateweb.com/niwax-template/images/shape/shape-c.png]
[separateweb.com/niwax-template/images/shape/shape-d.png]
[separateweb.com/niwax-template/images/shape/shape-e.png]
[separateweb.com/niwax-template/images/icons/graphic.svg]
[separateweb.com/niwax-template/digital-agency-glassmorphism.html]
[separateweb.com/niwax-template/images/icons/smo.svg]
[separateweb.com/niwax-template/images/hero/digital-marketing.png]
[separateweb.com/niwax-template/images/about/about-service.png]
[separateweb.com/niwax-template/digital-marketing.html]
[separateweb.com/niwax-template/images/hero/leads-hero.png]
[separateweb.com/niwax-template/images/about/lead-about.png]
[separateweb.com/niwax-template/images/about/marketing-service.png]
[separateweb.com/niwax-template/images/about/lead-pic.png]
[separateweb.com/niwax-template/images/blog/blog-1.jpg]
[separateweb.com/niwax-template/images/blog/blog-2.jpg]
[separateweb.com/niwax-template/images/blog/blog-3.jpg]
[separateweb.com/niwax-template/lead-generation.html]
[separateweb.com/niwax-template/images/portfolio/servc-1.jpg]
[separateweb.com/niwax-template/images/portfolio/servc-2.jpg]
[separateweb.com/niwax-template/images/portfolio/servc-3.jpg]
[separateweb.com/niwax-template/images/hero/creative-ag2a.jpg]
[separateweb.com/niwax-template/images/hero/creative-ag2b.jpg]
[separateweb.com/niwax-template/images/portfolio/image-2.jpg]
[separateweb.com/niwax-template/images/portfolio/image-3.jpg]
[separateweb.com/niwax-template/images/portfolio/image-4.jpg]
[separateweb.com/niwax-template/images/portfolio/image-5.jpg]
[separateweb.com/niwax-template/images/portfolio/image-7.jpg]
[separateweb.com/niwax-template/images/portfolio/image-8.jpg]
[separateweb.com/niwax-template/images/portfolio/image-9.jpg]
[separateweb.com/niwax-template/images/icons/award-bg.png]
[separateweb.com/niwax-template/images/client/upwork-logo.png]
[separateweb.com/niwax-template/images/client/reviewer-a.jpg]
[separateweb.com/niwax-template/images/icons/teama.svg]
[separateweb.com/niwax-template/images/icons/link.svg]
[separateweb.com/niwax-template/images/icons/hi.svg]
[separateweb.com/niwax-template/images/icons/badge.svg]
[separateweb.com/niwax-template/images/icons/tin.svg]
[separateweb.com/niwax-template/images/client/customer-logo-1.png]
[separateweb.com/niwax-template/images/client/customer-logo-2.png]
[separateweb.com/niwax-template/images/client/customer-logo-4.png]
[separateweb.com/niwax-template/landing-page-1.html]
[separateweb.com/niwax-template/js/typer.js]
[separateweb.com/niwax-template/images/hero/niwax-lp-2b.svg]
[separateweb.com/niwax-template/images/hero/niwax-lp-2a.svg]
[separateweb.com/niwax-template/images/hero/niwax-lp-2d.svg]
[separateweb.com/niwax-template/images/hero/niwax-lp-2c.svg]
[separateweb.com/niwax-template/images/hero/payment.svg]
[separateweb.com/niwax-template/images/icons/integration.png]
[separateweb.com/niwax-template/images/service/payment-service-1.svg]
[separateweb.com/niwax-template/images/service/payment-service-2.svg]
[separateweb.com/niwax-template/images/service/payment-service-3.svg]
[separateweb.com/niwax-template/images/service/payment-service-4.svg]
[separateweb.com/niwax-template/landing-page-2.html]
[unpkg.com/typer-dot-js@0.1.0/typer.js]
[separateweb.com/niwax-template/freelance-portfolio-dark.html]
[separateweb.com/niwax-template/images/hero/freelancer-mobile.png]
[separateweb.com/niwax-template/images/about/freelancer.png]
[separateweb.com/niwax-template/freelance-portfolio.html]
[separateweb.com/niwax-template/images/icons/badge1.png]
[separateweb.com/niwax-template/images/icons/badge2.png]
[separateweb.com/niwax-template/images/icons/badge3.png]
[separateweb.com/niwax-template/images/icons/badge4.png]
[separateweb.com/niwax-template/images/hero/mobile_hero_banner.png]
[separateweb.com/niwax-template/images/icons/android.svg]
[separateweb.com/niwax-template/images/icons/apple.svg]
[separateweb.com/niwax-template/images/icons/tablet.svg]
[separateweb.com/niwax-template/images/icons/ux.svg]
[separateweb.com/niwax-template/images/icons/php.svg]
[separateweb.com/niwax-template/images/icons/java.svg]
[separateweb.com/niwax-template/images/icons/wordpress.svg]
[separateweb.com/niwax-template/images/icons/magento.svg]
[separateweb.com/niwax-template/images/icons/shopify.svg]
[separateweb.com/niwax-template/images/icons/woocommerce.svg]
[separateweb.com/niwax-template/images/portfolio/app-img1.jpg]
[separateweb.com/niwax-template/images/portfolio/app-img2.jpg]
[separateweb.com/niwax-template/images/portfolio/app-img3.jpg]
[separateweb.com/niwax-template/images/portfolio/app-img4.jpg]
[separateweb.com/niwax-template/images/portfolio/app-img5.jpg]
[separateweb.com/niwax-template/images/portfolio/app-img6.jpg]
[separateweb.com/niwax-template/images/client/logo1.png]
[separateweb.com/niwax-template/images/client/logo2.png]
[separateweb.com/niwax-template/images/client/logo3.png]
[separateweb.com/niwax-template/images/client/logo4.png]
[separateweb.com/niwax-template/images/client/logo5.png]
[separateweb.com/niwax-template/images/client/logo6.png]
[separateweb.com/niwax-template/images/client/logo7.png]
[separateweb.com/niwax-template/images/client/logo8.png]
[separateweb.com/niwax-template/images/client/logo9.png]
[separateweb.com/niwax-template/images/client/logo10.png]
[separateweb.com/niwax-template/images/client/logo11.png]
[separateweb.com/niwax-template/images/client/logo12.png]
[separateweb.com/niwax-template/images/location/india-img.png]
[separateweb.com/niwax-template/images/location/italy.png]
[separateweb.com/niwax-template/images/location/paris.png]
[separateweb.com/niwax-template/app-development.html]
[separateweb.com/niwax-template/images/about/freelancer.jpg]
[separateweb.com/niwax-template/images/client/envato.png]
[separateweb.com/niwax-template/images/client/freelancer-logo.png]
[separateweb.com/niwax-template/images/client/google-logo.png]
[separateweb.com/niwax-template/images/portfolio/img-port1.jpg]
[separateweb.com/niwax-template/images/portfolio/img-port2.jpg]
[separateweb.com/niwax-template/images/portfolio/img-port3.jpg]
[separateweb.com/niwax-template/images/portfolio/img-port4.jpg]
[separateweb.com/niwax-template/images/portfolio/img-port5.jpg]
[separateweb.com/niwax-template/images/portfolio/img-port6.jpg]
[separateweb.com/niwax-template/images/blog/br-blog1.jpg]
[separateweb.com/niwax-template/images/blog/br-blog2.jpg]
[separateweb.com/niwax-template/minimal-portfolio.html]
[separateweb.com/niwax-template/images/banner/hero-creative-agenc1.jpg]
[separateweb.com/niwax-template/images/about/digital-agency-dg.jpg]
[separateweb.com/niwax-template/images/shape/dots-dg.png]
[separateweb.com/niwax-template/creative-agency.html]
[separateweb.com/niwax-template/images/hero/home-digital-agency-2.mp4]
[separateweb.com/niwax-template/images/about/about-dg-agency.jpg]
[separateweb.com/niwax-template/branding-agency.html]
[separateweb.com/niwax-template/images/team/team-single.jpg]
[separateweb.com/niwax-template/images/about/office-1.jpg]
[separateweb.com/niwax-template/images/about/office-2.jpg]
[separateweb.com/niwax-template/images/about/office-3.jpg]
[separateweb.com/niwax-template/images/about/office-4.jpg]
[separateweb.com/niwax-template/modern-agency.html]
[separateweb.com/niwax-template/images/hero/designer-girl-animate.svg]
[separateweb.com/niwax-template/images/icons/designer.svg]
[separateweb.com/niwax-template/images/icons/mobile-rafiki.svg]
[separateweb.com/niwax-template/images/icons/strategy-cuate.svg]
[separateweb.com/niwax-template/images/icons/growth-ico.svg]
[separateweb.com/niwax-template/images/about/finance-cuate.svg]
[separateweb.com/niwax-template/business-and-startup.html]
[separateweb.com/niwax-template/images/about/businessplan.svg]
[separateweb.com/niwax-template/images/shape/shape-dg-1.png]
[separateweb.com/niwax-template/images/about/digi-agency-dg.jpg]
[separateweb.com/niwax-template/images/shape/shape-dg-2.png]
[separateweb.com/niwax-template/images/icons/startup-w.svg]
[separateweb.com/niwax-template/images/icons/team-w.svg]
[separateweb.com/niwax-template/images/icons/deal-w.svg]
[separateweb.com/niwax-template/images/icons/computers-w.svg]
[separateweb.com/niwax-template/images/icons/worker-w.svg]
[separateweb.com/niwax-template/graphic-studio.html]
[separateweb.com/niwax-template/images/icons/customer-service-w.svg]
[separateweb.com/niwax-template/images/flags/us.svg]
[separateweb.com/niwax-template/images/flags/au.svg]
[separateweb.com/niwax-template/digital-agency-onepage.html]
[separateweb.com/niwax-template/digital-agency-dark-onepage.html]
[separateweb.com/niwax-template/web-design-agency-onepage.html]
[separateweb.com/niwax-template/web-design-agency-dark-onepage.html]
[separateweb.com/niwax-template/digital-marketing-onepage.html]
[separateweb.com/niwax-template/digital-marketing-dark-onepage.html]
[separateweb.com/niwax-template/lead-generation-onepage.html]
[separateweb.com/niwax-template/lead-generation-dark-onepage.html]
[separateweb.com/niwax-template/freelance-portfolio-onepage.html]
[separateweb.com/niwax-template/images/icons/web-design-icon.png]
[separateweb.com/niwax-template/images/icons/vector.png]
[separateweb.com/niwax-template/images/icons/video-edition.png]
[separateweb.com/niwax-template/freelancer-v2-onepage.html]
[separateweb.com/niwax-template/app-development-onepage.html]
[separateweb.com/niwax-template/minimal-portfolio-onepage.html]
[separateweb.com/niwax-template/creative-agency-onepage.html]
[separateweb.com/niwax-template/branding-agency-onepage.html]
[separateweb.com/niwax-template/modern-agency-onepage.html]
[separateweb.com/niwax-template/business-and-startup-onepage.html]
[separateweb.com/niwax-template/graphic-studio-onepage.html]
[separateweb.com/niwax-template/images/banner/9.jpg]
[separateweb.com/niwax-template/images/about/company-about.png]
[separateweb.com/niwax-template/images/icons/research.svg]
[separateweb.com/niwax-template/images/icons/chat.svg]
[separateweb.com/niwax-template/images/icons/monitor.svg]
[separateweb.com/niwax-template/images/icons/trasparency.svg]
[separateweb.com/niwax-template/about.html]
[separateweb.com/niwax-template/images/banner/office-view-2.jpg]
[separateweb.com/niwax-template/images/banner/office-view-1.jpg]
[separateweb.com/niwax-template/images/about/cheerful-businessman.jpg]
[separateweb.com/niwax-template/images/icons/vision.png]
[separateweb.com/niwax-template/images/icons/mountain.png]
[separateweb.com/niwax-template/images/about/leadership.jpg]
[separateweb.com/niwax-template/images/about/collaboration.jpg]
[separateweb.com/niwax-template/images/about/transparency.jpg]
[separateweb.com/niwax-template/about-2.html]
[separateweb.com/niwax-template/why-us.html]
[separateweb.com/niwax-template/digital-agency-dark.html]
[separateweb.com/niwax-template/web-design-agency-dark.html]
[separateweb.com/niwax-template/digital-marketing-dark.html]
[separateweb.com/niwax-template/lead-generation-dark.html]
[separateweb.com/niwax-template/images/team/team-a.jpg]
[separateweb.com/niwax-template/images/team/team-b.jpg]
[separateweb.com/niwax-template/images/team/team-c.jpg]
[separateweb.com/niwax-template/images/team/team-1.jpg]
[separateweb.com/niwax-template/images/team/team-2.jpg]
[separateweb.com/niwax-template/images/team/team-3.jpg]
[separateweb.com/niwax-template/images/team/team-4.jpg]
[separateweb.com/niwax-template/images/team/team-5.jpg]
[separateweb.com/niwax-template/images/team/team-6.jpg]
[separateweb.com/niwax-template/images/team/team-7.jpg]
[separateweb.com/niwax-template/images/team/team-8.jpg]
[separateweb.com/niwax-template/team.html]
[separateweb.com/niwax-template/team-details.html]
[separateweb.com/niwax-template/images/case-study/img-1.jpg]
[separateweb.com/niwax-template/images/case-study/img-2.jpg]
[separateweb.com/niwax-template/images/case-study/img-3.jpg]
[separateweb.com/niwax-template/images/case-study/img-4.jpg]
[separateweb.com/niwax-template/images/case-study/img-5.jpg]
[separateweb.com/niwax-template/images/case-study/img-6.jpg]
[separateweb.com/niwax-template/case-study.html]
[separateweb.com/niwax-template/images/case-study/app-intro.png]
[separateweb.com/niwax-template/images/icons/windows.svg]
[separateweb.com/niwax-template/images/case-study/app-view.png]
[separateweb.com/niwax-template/images/icons/logo-and-branding.svg]
[separateweb.com/niwax-template/images/icons/back.svg]
[separateweb.com/niwax-template/images/case-study/restro-app-1.jpg]
[separateweb.com/niwax-template/images/case-study/restro-app-2.jpg]
[separateweb.com/niwax-template/images/case-study/restro-app-3.jpg]
[separateweb.com/niwax-template/images/case-study/restro-app-4.jpg]
[separateweb.com/niwax-template/case-study-details.html]
[separateweb.com/niwax-template/images/about/mission.jpg]
[separateweb.com/niwax-template/images/icons/service2.svg]
[separateweb.com/niwax-template/images/icons/service3.svg]
[separateweb.com/niwax-template/images/icons/service4.svg]
[separateweb.com/niwax-template/images/icons/service5.svg]
[separateweb.com/niwax-template/images/icons/service6.svg]
[separateweb.com/niwax-template/images/about/vision.jpg]
[separateweb.com/niwax-template/mission-vision.html]
[separateweb.com/niwax-template/images/process/process-1.jpg]
[separateweb.com/niwax-template/images/process/process-2.jpg]
[separateweb.com/niwax-template/images/process/process-3.jpg]
[separateweb.com/niwax-template/images/process/process-4.jpg]
[separateweb.com/niwax-template/development-process.html]
[separateweb.com/niwax-template/images/client/reviewer-b.jpg]
[separateweb.com/niwax-template/images/client/reviewer-c.jpg]
[separateweb.com/niwax-template/images/client/client-pic-b.jpg]
[separateweb.com/niwax-template/client-reviews.html]
[separateweb.com/niwax-template/clients.html]
[separateweb.com/niwax-template/js/validator.min.js]
[separateweb.com/niwax-template/get-quote.html]
[separateweb.com/niwax-template/js/form.js]
[separateweb.com/niwax-template/get-quote-2.html]
[separateweb.com/niwax-template/images/icons/skype.svg]
[separateweb.com/niwax-template/images/client/customer-logo-6.png]
[separateweb.com/niwax-template/images/client/customer-logo-8.png]
[separateweb.com/niwax-template/images/client/customer-logo-9.png]
[separateweb.com/niwax-template/images/client/client-pic-x.jpg]
[separateweb.com/niwax-template/images/process/deadline.svg]
[separateweb.com/niwax-template/images/process/working-globe.svg]
[separateweb.com/niwax-template/images/process/team.svg]
[separateweb.com/niwax-template/phpmailer/js/jquery.validate.min.js]
[separateweb.com/niwax-template/phpmailer/js/sweetalert2.all.min.js]
[separateweb.com/niwax-template/get-quote-3.html]
[separateweb.com/niwax-template/login.html]
[separateweb.com/niwax-template/phpmailer/js/main.js]
[separateweb.com/niwax-template/service-card.html]
[separateweb.com/niwax-template/images/about/square-image-1.jpg]
[separateweb.com/niwax-template/images/icons/stack-icon1.png]
[separateweb.com/niwax-template/images/icons/stack-icon2.png]
[separateweb.com/niwax-template/images/icons/stack-icon3.png]
[separateweb.com/niwax-template/images/icons/stack-icon4.png]
[separateweb.com/niwax-template/images/icons/stack-icon5.png]
[separateweb.com/niwax-template/images/icons/stack-icon6.png]
[separateweb.com/niwax-template/images/icons/stack-icon7.png]
[separateweb.com/niwax-template/images/icons/stack-icon8.png]
[separateweb.com/niwax-template/service-web.html]
[separateweb.com/niwax-template/images/banner/8.jpg]
[separateweb.com/niwax-template/images/service/app-develops.png]
[separateweb.com/niwax-template/images/service/mob-service-item2.png]
[separateweb.com/niwax-template/images/service/mob-service-item1.png]
[separateweb.com/niwax-template/images/service/mob-service-item3.png]
[separateweb.com/niwax-template/images/service/mob-service-item4.png]
[separateweb.com/niwax-template/service-app.html]
[separateweb.com/niwax-template/images/service/digitalmarketing.png]
[separateweb.com/niwax-template/images/service/seo.png]
[separateweb.com/niwax-template/images/service/smo.png]
[separateweb.com/niwax-template/images/service/ppc.png]
[separateweb.com/niwax-template/images/service/emails.png]
[separateweb.com/niwax-template/service-marketing.html]
[separateweb.com/niwax-template/images/service/graphic-design.jpg]
[separateweb.com/niwax-template/images/service/branding-.jpg]
[separateweb.com/niwax-template/images/service/logo-design.jpg]
[separateweb.com/niwax-template/images/service/packaging-design.jpg]
[separateweb.com/niwax-template/images/service/brochure-.jpg]
[separateweb.com/niwax-template/images/service/newsletter.jpg]
[separateweb.com/niwax-template/images/service/visit-card.jpg]
[separateweb.com/niwax-template/service-graphic.html]
[separateweb.com/niwax-template/career.html]
[separateweb.com/niwax-template/images/shop/product-preview-1.jpg]
[separateweb.com/niwax-template/images/shop/product-preview-2.jpg]
[separateweb.com/niwax-template/images/shop/product-preview-3.jpg]
[separateweb.com/niwax-template/images/shop/product-preview-4.jpg]
[separateweb.com/niwax-template/images/shop/product-preview-5.jpg]
[separateweb.com/niwax-template/images/shop/product-preview-6.jpg]
[separateweb.com/niwax-template/shop-page.html]
[separateweb.com/niwax-template/images/shop/item-perview.jpg]
[separateweb.com/niwax-template/shop-details.html]
[separateweb.com/niwax-template/shop-cart.html]
[separateweb.com/niwax-template/pricing.html]
[separateweb.com/niwax-template/typography.html]
[separateweb.com/niwax-template/images/icons/whatsapp-chat.png]
[separateweb.com/niwax-template/button.html]
[separateweb.com/niwax-template/locations.html]
[separateweb.com/niwax-template/faq.html]
[separateweb.com/niwax-template/tabs.html]
[separateweb.com/niwax-template/images/shape/error-page.png]
[separateweb.com/niwax-template/error.html]
[separateweb.com/niwax-template/gradients.html]
[separateweb.com/niwax-template/header-v1.html]
[separateweb.com/niwax-template/header-v2.html]
[separateweb.com/niwax-template/header-v3.html]
[separateweb.com/niwax-template/header-v4.html]
[separateweb.com/niwax-template/footer-design.html]
[separateweb.com/niwax-template/hover-animation.html]
[separateweb.com/niwax-template/popup-modal.html]
[separateweb.com/niwax-template/lists.html]
[separateweb.com/niwax-template/images/hero/hero-creative-agenc1.jpg]
[separateweb.com/niwax-template/bootstrap-components.html]
[separateweb.com/niwax-template/portfolio.html]
[separateweb.com/niwax-template/portfolio-2.html]
[separateweb.com/niwax-template/images/portfolio/website-mockup1.jpg]
[separateweb.com/niwax-template/images/portfolio/website-mockup2.jpg]
[separateweb.com/niwax-template/images/portfolio/website-mockup3.jpg]
[separateweb.com/niwax-template/images/portfolio/website-mockup4.jpg]
[separateweb.com/niwax-template/portfolio-block.html]
[separateweb.com/niwax-template/portfolio-block-2.html]
[separateweb.com/niwax-template/images/portfolio/project-view-1.jpg]
[separateweb.com/niwax-template/images/portfolio/project-view-2.jpg]
[separateweb.com/niwax-template/portfolio-details.html]
[separateweb.com/niwax-template/images/blog/blog-4.jpg]
[separateweb.com/niwax-template/images/blog/blog-5.jpg]
[separateweb.com/niwax-template/images/blog/blog-6.jpg]
[separateweb.com/niwax-template/blog-grid-1.html]
[separateweb.com/niwax-template/blog-grid-2.html]
[separateweb.com/niwax-template/images/blog/blog-post-1.jpg]
[separateweb.com/niwax-template/images/blog/strategy-guide.jpg]
[separateweb.com/niwax-template/images/blog/blog-small2.jpg]
[separateweb.com/niwax-template/images/blog/sidebar-image.jpg]
[separateweb.com/niwax-template/blog-right-sidebar.html]
[separateweb.com/niwax-template/blog-left-sidebar.html]
[separateweb.com/niwax-template/images/blog/blog-post-2.jpg]
[separateweb.com/niwax-template/blog-single.html]
[separateweb.com/niwax-template/freelance-portfolio-dark-onepage.html]
[separateweb.com/niwax-template/images/icons/call.svg]
[separateweb.com/niwax-template/images/icons/whatsapp.svg]
[separateweb.com/niwax-template/images/icons/mail.svg]
[separateweb.com/niwax-template/images/icons/map.svg]
[separateweb.com/niwax-template/images/icons/branding.svg]
[separateweb.com/niwax-template/images/icons/development.svg]
[separateweb.com/niwax-template/images/icons/app.svg]
[separateweb.com/niwax-template/images/icons/marketing.svg]
[separateweb.com/niwax-template/images/icons/startup.svg]
[separateweb.com/niwax-template/images/icons/team.svg]
[separateweb.com/niwax-template/images/icons/deal.svg]
[separateweb.com/niwax-template/images/icons/computers.svg]
[separateweb.com/niwax-template/images/icons/worker.svg]
[separateweb.com/niwax-template/images/icons/customer-service.svg]
[separateweb.com/niwax-template/images/shape/shape-12.svg]
[separateweb.com/niwax-template/images/shape/shape-1.svg]
[separateweb.com/niwax-template/images/shape/shape-2.svg]
[separateweb.com/niwax-template/images/shape/shape-7.svg]
[separateweb.com/niwax-template/images/shape/shape-9.svg]
[separateweb.com/niwax-template/images/icons/up-arrow.svg]
[separateweb.com/niwax-template/images/icons/404.svg]
[separateweb.com/niwax-template/images/shape/hero-shape.svg]
[separateweb.com/niwax-template/images/hero/wave-hero.svg]
[separateweb.com/niwax-template/images/icons/sun.svg]
[separateweb.com/niwax-template/images/icons/moon.svg]
[separateweb.com/niwax-template/images/shape/stars.svg]
[separateweb.com/niwax-template/images/hero/wave-hero-dark.svg]
[separateweb.com/niwax-template/css/demo-css.css]
[separateweb.com/niwax-template/images/icons/envato.svg]
[separateweb.com/niwax-template/shop-page-2.html]
[separateweb.com/niwax-template/css/ihavecookie.css]
[separateweb.com/niwax-template/gdprcookies-banner-v1.html]
[separateweb.com/niwax-template/gdprcookies-banner-v2.html]
[separateweb.com/niwax-template/mouse-cursor.html]
[separateweb.com/niwax-template/mouse-cursor-v2.html]
[separateweb.com/niwax-template/slider.html]
[separateweb.com/niwax-template/js/jquery.ihavecookies.js]
[separateweb.com/niwax-template/terms-and-conditions.html]
[separateweb.com/niwax-template/privacy-policy.html]
[separateweb.com/niwax-template/contact-from.html]
[separateweb.com/niwax-template/img/conversion-rate.svg]
[separateweb.com/niwax-template/img/ab-testing.svg]
[separateweb.com/niwax-template/img/branding.svg]
[separateweb.com/niwax-template/img/color-palette.svg]
[separateweb.com/niwax-template/img/web-design.svg]
[separateweb.com/niwax-template/img/code.svg]
[separateweb.com/niwax-template/img/columns.svg]
[separateweb.com/niwax-template/img/contact.svg]
[separateweb.com/niwax-template/images/icons/ecommerce.svg]
[separateweb.com/niwax-template/images/icons/tech.svg]
[separateweb.com/niwax-template/images/icons/seo.svg]
[separateweb.com/niwax-template/images/shape/shape-3.svg]
[separateweb.com/niwax-template/images/shape/shape-4.svg]
[separateweb.com/niwax-template/images/shape/shape-13.svg]
[separateweb.com/niwax-template/images/shape/shape-11.svg]
[separateweb.com/niwax-template/css/swiper.min.css]
[separateweb.com/niwax-template/css/gdpr-cookie.css]
[separateweb.com/niwax-template/images/icons/mobile.svg]
[separateweb.com/niwax-template/images/icons/world.svg]
[separateweb.com/niwax-template/images/icons/house.svg]
[separateweb.com/niwax-template/images/icons/travel-case.svg]
[separateweb.com/niwax-template/images/icons/video-tutorials.svg]
[separateweb.com/niwax-template/images/icons/taxi.svg]
[separateweb.com/niwax-template/images/icons/event.svg]
[separateweb.com/niwax-template/images/icons/smartphone.svg]
[separateweb.com/niwax-template/images/icons/joystick.svg]
[separateweb.com/niwax-template/images/icons/healthcare.svg]
[separateweb.com/niwax-template/images/icons/money-growth.svg]
[separateweb.com/niwax-template/images/icons/baker.svg]
[separateweb.com/niwax-template/images/icons/mobile-app.svg]
[separateweb.com/niwax-template/images/icons/groceries.svg]
[separateweb.com/niwax-template/images/icons/plan-1.svg]
[separateweb.com/niwax-template/images/icons/plan-2.svg]
[separateweb.com/niwax-template/images/icons/plan-3.svg]
[separateweb.com/niwax-template/images/icons/graphic.svg]
[separateweb.com/niwax-template/images/icons/smo.svg]
[separateweb.com/niwax-template/images/icons/teama.svg]
[separateweb.com/niwax-template/images/icons/link.svg]
[separateweb.com/niwax-template/images/icons/hi.svg]
[separateweb.com/niwax-template/images/icons/badge.svg]
[separateweb.com/niwax-template/images/icons/tin.svg]
[separateweb.com/niwax-template/images/hero/niwax-lp-2b.svg]
[separateweb.com/niwax-template/images/hero/niwax-lp-2a.svg]
[separateweb.com/niwax-template/images/hero/niwax-lp-2d.svg]
[separateweb.com/niwax-template/images/hero/niwax-lp-2c.svg]
[separateweb.com/niwax-template/images/hero/payment.svg]
[separateweb.com/niwax-template/images/service/payment-service-1.svg]
[separateweb.com/niwax-template/images/service/payment-service-2.svg]
[separateweb.com/niwax-template/images/service/payment-service-3.svg]
[separateweb.com/niwax-template/images/service/payment-service-4.svg]
[separateweb.com/niwax-template/freelance-portfolio-dark.html]
[separateweb.com/niwax-template/images/icons/android.svg]
[separateweb.com/niwax-template/images/icons/apple.svg]
[separateweb.com/niwax-template/images/icons/tablet.svg]
[separateweb.com/niwax-template/images/icons/ux.svg]
[separateweb.com/niwax-template/images/icons/php.svg]
[separateweb.com/niwax-template/images/icons/java.svg]
[separateweb.com/niwax-template/images/icons/wordpress.svg]
[separateweb.com/niwax-template/images/icons/magento.svg]
[separateweb.com/niwax-template/images/icons/shopify.svg]
[separateweb.com/niwax-template/images/icons/woocommerce.svg]
[separateweb.com/niwax-template/images/hero/designer-girl-animate.svg]
[separateweb.com/niwax-template/images/icons/designer.svg]
[separateweb.com/niwax-template/images/icons/mobile-rafiki.svg]
[separateweb.com/niwax-template/images/icons/strategy-cuate.svg]
[separateweb.com/niwax-template/images/icons/growth-ico.svg]
[separateweb.com/niwax-template/images/about/finance-cuate.svg]
[separateweb.com/niwax-template/images/about/businessplan.svg]
[separateweb.com/niwax-template/images/icons/startup-w.svg]
[separateweb.com/niwax-template/images/icons/team-w.svg]
[separateweb.com/niwax-template/images/icons/deal-w.svg]
[separateweb.com/niwax-template/images/icons/computers-w.svg]
[separateweb.com/niwax-template/images/icons/worker-w.svg]
[separateweb.com/niwax-template/images/icons/customer-service-w.svg]
[separateweb.com/niwax-template/images/flags/us.svg]
[separateweb.com/niwax-template/images/flags/au.svg]
[separateweb.com/niwax-template/images/icons/research.svg]
[separateweb.com/niwax-template/images/icons/chat.svg]
[separateweb.com/niwax-template/images/icons/monitor.svg]
[separateweb.com/niwax-template/images/icons/trasparency.svg]
[separateweb.com/niwax-template/digital-agency-dark.html]
[separateweb.com/niwax-template/web-design-agency-dark.html]
[separateweb.com/niwax-template/digital-marketing-dark.html]
[separateweb.com/niwax-template/lead-generation-dark.html]
[separateweb.com/niwax-template/images/icons/windows.svg]
[separateweb.com/niwax-template/images/icons/logo-and-branding.svg]
[separateweb.com/niwax-template/images/icons/back.svg]
[separateweb.com/niwax-template/images/icons/service2.svg]
[separateweb.com/niwax-template/images/icons/service3.svg]
[separateweb.com/niwax-template/images/icons/service4.svg]
[separateweb.com/niwax-template/images/icons/service5.svg]
[separateweb.com/niwax-template/images/icons/service6.svg]
[separateweb.com/niwax-template/images/icons/skype.svg]
[separateweb.com/niwax-template/images/process/deadline.svg]
[separateweb.com/niwax-template/images/process/working-globe.svg]
[separateweb.com/niwax-template/images/process/team.svg]
[separateweb.com/niwax-template/css/ihavecookie.css]
